[2.376s] Invoking command in '/sim_ws/build/f1tenth_gym_ros': PYTHONPATH=/sim_ws/build/f1tenth_gym_ros/prefix_override:/sim_ws/install/f1tenth_gym_ros/lib/python3.8/site-packages:${PYTHONPATH} /usr/bin/python3 setup.py develop --uninstall --editable --build-directory /sim_ws/build/f1tenth_gym_ros/build
[3.103s] running develop
[3.374s] Removing /sim_ws/install/f1tenth_gym_ros/lib/python3.8/site-packages/f1tenth-gym-ros.egg-link (link to .)
[3.429s] Invoked command in '/sim_ws/build/f1tenth_gym_ros' returned '0': PYTHONPATH=/sim_ws/build/f1tenth_gym_ros/prefix_override:/sim_ws/install/f1tenth_gym_ros/lib/python3.8/site-packages:${PYTHONPATH} /usr/bin/python3 setup.py develop --uninstall --editable --build-directory /sim_ws/build/f1tenth_gym_ros/build
[3.434s] Invoking command in '/sim_ws/src/f1tenth_gym_ros': PYTHONPATH=/sim_ws/build/f1tenth_gym_ros/prefix_override:/sim_ws/install/f1tenth_gym_ros/lib/python3.8/site-packages:${PYTHONPATH} /usr/bin/python3 setup.py egg_info --egg-base ../../build/f1tenth_gym_ros build --build-base /sim_ws/build/f1tenth_gym_ros/build install --record /sim_ws/build/f1tenth_gym_ros/install.log --single-version-externally-managed
[4.068s] running egg_info
[4.076s] writing ../../build/f1tenth_gym_ros/f1tenth_gym_ros.egg-info/PKG-INFO
[4.076s] writing dependency_links to ../../build/f1tenth_gym_ros/f1tenth_gym_ros.egg-info/dependency_links.txt
[4.076s] writing entry points to ../../build/f1tenth_gym_ros/f1tenth_gym_ros.egg-info/entry_points.txt
[4.077s] writing requirements to ../../build/f1tenth_gym_ros/f1tenth_gym_ros.egg-info/requires.txt
[4.077s] writing top-level names to ../../build/f1tenth_gym_ros/f1tenth_gym_ros.egg-info/top_level.txt
[4.232s] reading manifest file '../../build/f1tenth_gym_ros/f1tenth_gym_ros.egg-info/SOURCES.txt'
[4.236s] writing manifest file '../../build/f1tenth_gym_ros/f1tenth_gym_ros.egg-info/SOURCES.txt'
[4.237s] running build
[4.237s] running build_py
[4.237s] copying f1tenth_gym_ros/__init__.py -> /sim_ws/build/f1tenth_gym_ros/build/lib/f1tenth_gym_ros
[4.250s] copying f1tenth_gym_ros/gap_finder.py -> /sim_ws/build/f1tenth_gym_ros/build/lib/f1tenth_gym_ros
[4.252s] running install
[4.253s] running install_lib
[4.254s] creating /sim_ws/install/f1tenth_gym_ros/lib/python3.8/site-packages/f1tenth_gym_ros
[4.255s] copying /sim_ws/build/f1tenth_gym_ros/build/lib/f1tenth_gym_ros/gym_bridge.py -> /sim_ws/install/f1tenth_gym_ros/lib/python3.8/site-packages/f1tenth_gym_ros
[4.255s] copying /sim_ws/build/f1tenth_gym_ros/build/lib/f1tenth_gym_ros/__init__.py -> /sim_ws/install/f1tenth_gym_ros/lib/python3.8/site-packages/f1tenth_gym_ros
[4.255s] copying /sim_ws/build/f1tenth_gym_ros/build/lib/f1tenth_gym_ros/gap_finder.py -> /sim_ws/install/f1tenth_gym_ros/lib/python3.8/site-packages/f1tenth_gym_ros
[4.256s] byte-compiling /sim_ws/install/f1tenth_gym_ros/lib/python3.8/site-packages/f1tenth_gym_ros/gym_bridge.py to gym_bridge.cpython-38.pyc
[4.275s] byte-compiling /sim_ws/install/f1tenth_gym_ros/lib/python3.8/site-packages/f1tenth_gym_ros/__init__.py to __init__.cpython-38.pyc
[4.276s] byte-compiling /sim_ws/install/f1tenth_gym_ros/lib/python3.8/site-packages/f1tenth_gym_ros/gap_finder.py to gap_finder.cpython-38.pyc
[4.279s] running install_data
[4.282s] running install_egg_info
[4.291s] Copying ../../build/f1tenth_gym_ros/f1tenth_gym_ros.egg-info to /sim_ws/install/f1tenth_gym_ros/lib/python3.8/site-packages/f1tenth_gym_ros-0.0.0-py3.8.egg-info
[4.299s] running install_scripts
[4.356s] Installing gap_finder script to /sim_ws/install/f1tenth_gym_ros/lib/f1tenth_gym_ros
[4.356s] Installing gym_bridge script to /sim_ws/install/f1tenth_gym_ros/lib/f1tenth_gym_ros
[4.356s] writing list of installed files to '/sim_ws/build/f1tenth_gym_ros/install.log'
[4.419s] Invoked command in '/sim_ws/src/f1tenth_gym_ros' returned '0': PYTHONPATH=/sim_ws/build/f1tenth_gym_ros/prefix_override:/sim_ws/install/f1tenth_gym_ros/lib/python3.8/site-packages:${PYTHONPATH} /usr/bin/python3 setup.py egg_info --egg-base ../../build/f1tenth_gym_ros build --build-base /sim_ws/build/f1tenth_gym_ros/build install --record /sim_ws/build/f1tenth_gym_ros/install.log --single-version-externally-managed
